Recipe: default-workflow
Status: ✗ Failed

Steps:
  ✓ workflow-prep: completed
    Output: Recipe 'workflow-prep': SUCCESS (307.1s)
  [completed] step-00-workflow-preparation (0.0s)
  [completed] step-01-prepare-workspace (1.0s)
  [completed] step-02-clarify-requirements (110.1s)
  [complet... (truncated)
  ✓ workflow-worktree: completed
    Output: Recipe 'workflow-worktree': SUCCESS (6.6s)
  [completed] step-04-setup-worktree (6.6s)

  ✓ workflow-design: completed
    Output: Recipe 'workflow-design': SUCCESS (660.4s)
  [completed] step-05-architecture (132.0s)
  [completed] step-05b-api-design (14.0s)
  [completed] step-05c-database-design (12.0s)
  [completed] step-05d-s... (truncated)
  ✓ workflow-tdd: completed
    Output: Recipe 'workflow-tdd': SUCCESS (292.2s)
  [completed] step-07-write-tests (186.0s)
  [completed] step-08-implement (88.0s)
  [completed] step-08c-implementation-no-op-guard (0.1s)
  [completed] step-0... (truncated)
  ✓ workflow-refactor-review: completed
    Output: Recipe 'workflow-refactor-review': SUCCESS (425.4s)
  [completed] step-09-refactor (76.0s)
  [completed] step-09b-optimize (76.0s)
  [completed] step-10-pre-commit-review (86.0s)
  [completed] step-10... (truncated)
  ✓ workflow-precommit-test: completed
    Output: Recipe 'workflow-precommit-test': SUCCESS (190.0s)
  [completed] step-12-run-precommit (58.0s)
  [completed] step-13-local-testing (132.0s)

  ✓ workflow-publish: completed
    Output: Recipe 'workflow-publish': SUCCESS (366.9s)
  [completed] step-14-bump-version (34.0s)
  [completed] step-15-commit-push (2.5s)
  [completed] step-16-create-draft-pr (0.3s)
  [completed] step-16b-outs... (truncated)
  ✗ workflow-pr-review: failed
    Error: Step 'workflow-pr-review' failed: Sub-recipe 'workflow-pr-review' failed.
Failed steps:
- step-18c-push-feedback-changes [error]: Step 'step-18c-push-feedback-changes' failed: bash step failed: Command failed (exit 1): ERROR: git push failed during step-18c-push-feedback-changes (exit 1); git pull --rebase may also have failed
From https://github.com/rysweet/RabbitHole
   ca5e67c6cd..fecca826f3  develop    -> origin/develop
Your configuration specifies to merge with the ref 'refs/heads/feat/issue-579-reduce-virtualmachinejava-938-lines-at-coretweedle'
from the remote, but no such ref was fetched.
WARNING: git pull --rebase failed (exit 1); retrying (1/3)
Your configuration specifies to merge with the ref 'refs/heads/feat/issue-579-reduce-virtualmachinejava-938-lines-at-coretweedle'
from the remote, but no such ref was fetched.
WARNING: git pull --rebase failed (exit 1); retrying (2/3)
Your configuration specifies to merge with the ref 'refs/heads/feat/issue-579-reduce-virtualmachinejava-938-lines-at-coretweedle'
from the remote, but no such ref was fetched.
Completed steps: step-17a-compliance-verification, step-17b-reviewer-agent, step-17c-security-review, step-17d-philosophy-guardian, step-17e-address-blocking-issues, step-17f-verification-gate, step-18a-analyze-feedback, step-18b-implement-feedback
